\BOOKMARK [1][-]{section.1}{\376\377\000P\000r\000o\000b\000l\000e\000m\000\040\0001\000:\000\040\000I\000n\000d\000u\000c\000e\000d\000\040\000V\000o\000l\000t\000a\000g\000e}{}% 1
\BOOKMARK [2][-]{subsection.1.1}{}{section.1}% 2
\BOOKMARK [2][-]{subsection.1.2}{}{section.1}% 3
\BOOKMARK [2][-]{subsection.1.3}{}{section.1}% 4
\BOOKMARK [2][-]{subsection.1.4}{}{section.1}% 5
\BOOKMARK [2][-]{subsection.1.5}{}{section.1}% 6
\BOOKMARK [1][-]{section.2}{\376\377\000P\000r\000o\000b\000l\000e\000m\000\040\0002\000:\000\040\000R\000e\000s\000i\000s\000t\000a\000n\000c\000e}{}% 7
\BOOKMARK [2][-]{subsection.2.1}{}{section.2}% 8
\BOOKMARK [2][-]{subsection.2.2}{}{section.2}% 9
\BOOKMARK [2][-]{subsection.2.3}{}{section.2}% 10
\BOOKMARK [2][-]{subsection.2.4}{}{section.2}% 11
\BOOKMARK [1][-]{section.3}{\376\377\000P\000r\000o\000b\000l\000e\000m\000\040\0003\000:\000\040\000R\000e\000a\000c\000t\000a\000n\000c\000e\000\040\000a\000n\000d\000\040\000c\000u\000r\000r\000e\000n\000t}{}% 12
\BOOKMARK [2][-]{subsection.3.1}{}{section.3}% 13
\BOOKMARK [2][-]{subsection.3.2}{}{section.3}% 14
\BOOKMARK [2][-]{subsection.3.3}{}{section.3}% 15
\BOOKMARK [2][-]{subsection.3.4}{}{section.3}% 16
\BOOKMARK [2][-]{subsection.3.5}{}{section.3}% 17
\BOOKMARK [1][-]{section.4}{\376\377\000P\000r\000o\000b\000l\000e\000m\000\040\0004\000:\000\040\000P\000o\000w\000e\000r}{}% 18
\BOOKMARK [2][-]{subsection.4.1}{}{section.4}% 19
\BOOKMARK [2][-]{subsection.4.2}{}{section.4}% 20
\BOOKMARK [2][-]{subsection.4.3}{}{section.4}% 21
\BOOKMARK [2][-]{subsection.4.4}{}{section.4}% 22
\BOOKMARK [2][-]{subsection.4.5}{}{section.4}% 23
\BOOKMARK [2][-]{subsection.4.6}{}{section.4}% 24
\BOOKMARK [2][-]{subsection.4.7}{}{section.4}% 25
